// Jest Snapshot v1, https://goo.gl/fbAQLP

exports[`renders correctly 1`] = `
<div
  className="component c-navigationPod c-navigationPod--manual small-12 columns js-equalHeight"
>
  <div
    className="component-content"
  >
    <div
      className="c-navigationPod__wrapper"
    >
      <div
        className="c-navigationPod__image"
      >
        <img
          alt="cute monkey"
          src="https://img.posterlounge.co.uk/images/big/1592909.jpg"
        />
      </div>
      <div
        className="c-navigationPod__content"
      >
        <div
          className="c-navigationPod__link field-link"
        >
          <a
            data-variantfieldname="Link"
            data-variantitemid="{undefined}"
            href="/"
          >
            button text
          </a>
        </div>
        <p
          className="c-navigationPod__text field-pod-text"
          dangerouslySetInnerHTML={
            Object {
              "__html": "Lorem ipsum dolor sit amet, consectetur adipiscing elit. Mauris ac lectus et velit vulputate elementum. Aenean euismod tortor id sapien accumsan, vel commodo metus luctus. Mauris dapibus consectetur sem quis ultricies. Nam iaculis velit in tortor lobortis, in egestas augue facilisis. Fusce mattis pulvinar felis nec vulputate. Sed vulputate sem id nisi cursus, in ornare erat eleifend. Aliquam ut velit volutpat, volutpat nisi in, molestie nulla.",
            }
          }
        />
      </div>
    </div>
  </div>
</div>
`;
